✔ Created output directory:

/compute001/lwu/projects/LLM4AE/LLM4AE-dev/results/bert_replim_VAERS/ClinicalBERT/seed_789/model

ℹ Saving to output directory:

/compute001/lwu/projects/LLM4AE/LLM4AE-dev/results/bert_replim_VAERS/ClinicalBERT/seed_789/model

ℹ Using GPU: 0



=========================== Initializing pipeline ===========================

✔ Initialized pipeline



============================= Training pipeline =============================

ℹ Pipeline: ['transformer', 'ner']

ℹ Initial learn rate: 0.0

E    #       LOSS TRANS...  LOSS NER  ENTS_F  ENTS_P  ENTS_R  SCORE 

---  ------  -------------  --------  ------  ------  ------  ------

/compute001/lwu/projects/LLM4AE/LLM4AE-dev/.venv/lib/python3.12/site-packages/thinc/util.py:401: VisibleDeprecationWarning: This function is deprecated and will be removed in a future release. Use the cupy.from_dlpack() array constructor instead.

  dlpack_tensor = xp_tensor.toDlpack()  # type: ignore

  0       0         283.68    601.40   20.21   12.49   52.95    0.20

  0     200       28832.23  51802.97   63.73   73.57   56.20    0.64

  1     400       15107.15  17171.89   81.15   84.82   77.79    0.81

  2     600        8872.72  12658.22   83.19   84.79   81.65    0.83

  3     800        8376.38  11411.17   81.81   86.52   77.58    0.82

  5    1000        5925.59   8932.22   83.90   86.69   81.29    0.84

  6    1200        6714.34   8367.06   79.79   83.13   76.71    0.80

  7    1400        8946.84   8721.60   82.34   85.52   79.39    0.82

  8    1600        5979.02   7187.84   80.59   84.51   77.01    0.81

  9    1800        7411.96   7695.88   83.81   86.15   81.59    0.84

 10    2000        5705.44   5901.68   83.20   86.91   79.80    0.83

 11    2200        4490.41   5322.71   83.36   86.28   80.63    0.83

 12    2400        4786.99   5065.51   83.10   86.18   80.23    0.83

 13    2600        6840.53   5628.07   83.16   86.77   79.84    0.83

✔ Saved pipeline to output directory

/compute001/lwu/projects/LLM4AE/LLM4AE-dev/results/bert_replim_VAERS/ClinicalBERT/seed_789/model/model-last

