✔ Created output directory:

/compute001/lwu/projects/LLM4AE/LLM4AE-dev/results/bert_replim_VAERS/BERT/seed_42/model

ℹ Saving to output directory:

/compute001/lwu/projects/LLM4AE/LLM4AE-dev/results/bert_replim_VAERS/BERT/seed_42/model

ℹ Using GPU: 2



=========================== Initializing pipeline ===========================

✔ Initialized pipeline



============================= Training pipeline =============================

ℹ Pipeline: ['transformer', 'ner']

ℹ Initial learn rate: 0.0

E    #       LOSS TRANS...  LOSS NER  ENTS_F  ENTS_P  ENTS_R  SCORE 

---  ------  -------------  --------  ------  ------  ------  ------

/compute001/lwu/projects/LLM4AE/LLM4AE-dev/.venv/lib/python3.12/site-packages/thinc/util.py:401: VisibleDeprecationWarning: This function is deprecated and will be removed in a future release. Use the cupy.from_dlpack() array constructor instead.

  dlpack_tensor = xp_tensor.toDlpack()  # type: ignore

  0       0         255.16    448.23   20.15   12.34   54.87    0.20

  0     200      109091.08  69749.92   48.16   70.03   36.70    0.48

  1     400       29547.42  22412.18   69.95   77.07   64.04    0.70

  2     600       25968.89  19620.41   78.39   84.24   73.31    0.78

  3     800       19205.53  17073.78   67.40   77.22   59.80    0.67

  4    1000       11233.00  13150.76   81.74   83.78   79.80    0.82

  5    1200        6183.53   9360.12   81.47   83.58   79.47    0.81

  6    1400        6250.82   8463.42   82.51   85.82   79.45    0.83

  7    1600        7516.59   8720.76   82.01   86.24   78.17    0.82

  8    1800        6730.47   8067.36   83.63   85.36   81.97    0.84

  9    2000        4673.10   6415.49   83.49   85.64   81.44    0.83

 10    2200        4919.06   6078.99   81.40   83.76   79.17    0.81

 11    2400        6282.23   7289.89   82.19   86.38   78.38    0.82

 12    2600        5383.18   5883.38   83.31   85.08   81.60    0.83

 13    2800        4268.03   5360.02   82.41   85.77   79.31    0.82

 14    3000        4495.89   5232.07   82.50   86.76   78.64    0.82

 15    3200        2891.49   4466.52   84.00   86.64   81.51    0.84

 16    3400        2543.64   3856.17   83.33   86.26   80.58    0.83

 17    3600        2886.71   4078.01   83.51   86.51   80.72    0.84

 18    3800        3972.19   4251.15   83.88   86.08   81.79    0.84

 19    4000        3220.07   3776.31   83.52   86.62   80.63    0.84

 20    4200        3334.51   3588.09   83.60   86.40   80.98    0.84

 21    4400        3829.49   3973.86   83.96   87.11   81.02    0.84

 22    4600        2833.18   3199.53   83.30   87.09   79.82    0.83

 23    4800        2076.69   2862.06   82.43   87.05   78.27    0.82

✔ Saved pipeline to output directory

/compute001/lwu/projects/LLM4AE/LLM4AE-dev/results/bert_replim_VAERS/BERT/seed_42/model/model-last

