✔ Created output directory:

/compute001/lwu/projects/LLM4AE/LLM4AE-dev/results/bert_replim_VAERS/Bio_ClinicalBERT/seed_123/model

ℹ Saving to output directory:

/compute001/lwu/projects/LLM4AE/LLM4AE-dev/results/bert_replim_VAERS/Bio_ClinicalBERT/seed_123/model

ℹ Using GPU: 0



=========================== Initializing pipeline ===========================

✔ Initialized pipeline



============================= Training pipeline =============================

ℹ Pipeline: ['transformer', 'ner']

ℹ Initial learn rate: 0.0

E    #       LOSS TRANS...  LOSS NER  ENTS_F  ENTS_P  ENTS_R  SCORE 

---  ------  -------------  --------  ------  ------  ------  ------

/compute001/lwu/projects/LLM4AE/LLM4AE-dev/.venv/lib/python3.12/site-packages/thinc/util.py:401: VisibleDeprecationWarning: This function is deprecated and will be removed in a future release. Use the cupy.from_dlpack() array constructor instead.

  dlpack_tensor = xp_tensor.toDlpack()  # type: ignore

  0       0        2790.84    377.33   27.43   19.80   44.64    0.27

  0     200       75076.26  55422.75   63.35   71.13   57.10    0.63

  2     400       19518.07  18430.47   80.45   84.54   76.74    0.80

  3     600       10171.37  13007.26   81.43   83.87   79.13    0.81

  3     800        7035.25   9710.04   83.42   86.74   80.34    0.83

  4    1000        6737.04   8723.28   82.83   86.11   79.79    0.83

  5    1200        7491.89   8634.29   84.93   86.17   83.72    0.85

  6    1400        5065.73   6943.21   83.10   85.66   80.69    0.83

  7    1600        9803.49   8504.87   81.98   85.26   78.94    0.82

  8    1800        5973.05   6274.73   82.16   86.61   78.14    0.82

  9    2000        3958.88   5378.49   83.91   87.21   80.85    0.84

 10    2200        6348.95   5386.38   83.45   87.30   79.93    0.83

 11    2400        4670.88   4973.79   84.28   86.55   82.11    0.84

 12    2600        6668.40   5765.68   80.67   84.33   77.31    0.81

 13    2800        5969.49   4409.42   84.05   87.31   81.03    0.84

✔ Saved pipeline to output directory

/compute001/lwu/projects/LLM4AE/LLM4AE-dev/results/bert_replim_VAERS/Bio_ClinicalBERT/seed_123/model/model-last

