✔ Created output directory:

/compute001/lwu/projects/LLM4AE/LLM4AE-dev/results/bert_replim_VAERS/BERT/seed_123/model

ℹ Saving to output directory:

/compute001/lwu/projects/LLM4AE/LLM4AE-dev/results/bert_replim_VAERS/BERT/seed_123/model

ℹ Using GPU: 3



=========================== Initializing pipeline ===========================

✔ Initialized pipeline



============================= Training pipeline =============================

ℹ Pipeline: ['transformer', 'ner']

ℹ Initial learn rate: 0.0

E    #       LOSS TRANS...  LOSS NER  ENTS_F  ENTS_P  ENTS_R  SCORE 

---  ------  -------------  --------  ------  ------  ------  ------

/compute001/lwu/projects/LLM4AE/LLM4AE-dev/.venv/lib/python3.12/site-packages/thinc/util.py:401: VisibleDeprecationWarning: This function is deprecated and will be removed in a future release. Use the cupy.from_dlpack() array constructor instead.

  dlpack_tensor = xp_tensor.toDlpack()  # type: ignore

  0       0        1175.48    391.26   27.06   19.33   45.10    0.27

  0     200       72915.82  51931.37   57.52   65.60   51.22    0.58

  2     400       34794.51  24778.68   74.34   78.37   70.71    0.74

  3     600       15424.33  16870.58   78.63   83.00   74.69    0.79

  3     800        8974.11  12223.14   78.30   85.23   72.41    0.78

  4    1000        8187.98  11243.50   83.78   86.30   81.40    0.84

  5    1200        6810.08   9245.21   81.66   85.91   77.82    0.82

  6    1400        5794.16   8167.73   82.76   86.22   79.56    0.83

  7    1600        5521.53   7666.73   81.09   86.92   76.00    0.81

  8    1800        4335.01   6442.31   82.61   86.34   79.20    0.83

  9    2000        6620.74   7266.49   82.59   85.56   79.82    0.83

 10    2200        5999.66   6260.97   81.96   85.03   79.10    0.82

 11    2400        4564.12   5638.15   83.93   86.93   81.13    0.84

 12    2600        4758.84   5488.84   82.33   84.39   80.37    0.82

 13    2800        6083.96   5687.30   83.44   86.79   80.34    0.83

 14    3000        4150.96   4610.64   83.74   86.13   81.47    0.84

 15    3200        4803.52   4890.63   83.75   86.26   81.38    0.84

 16    3400        4956.21   4242.55   83.37   86.97   80.05    0.83

 17    3600        4130.93   4022.67   84.05   86.05   82.14    0.84

 18    3800        3792.64   3651.83   84.07   87.10   81.24    0.84

 19    4000        4082.41   3221.83   84.20   86.49   82.02    0.84

 20    4200        3553.57   3174.43   82.48   85.72   79.47    0.82

 21    4400        3678.70   2944.36   83.40   86.66   80.37    0.83

 22    4600        2846.00   2697.27   83.30   85.90   80.85    0.83

 23    4800        3021.57   2575.00   84.49   86.58   82.51    0.84

 24    5000        2744.05   2393.98   83.45   87.12   80.07    0.83

 25    5200        3339.28   2257.92   83.54   87.19   80.18    0.84

 26    5400        2895.73   2103.07   83.94   86.59   81.45    0.84

 27    5600        2531.90   1970.17   84.23   87.10   81.54    0.84

 28    5800        1570.70   1706.33   83.67   87.45   80.21    0.84

 29    6000        1280.31   1539.59   83.84   86.96   80.94    0.84

 30    6200        1616.45   1489.07   84.28   87.27   81.49    0.84

 31    6400        1344.96   1401.92   84.09   87.72   80.76    0.84

✔ Saved pipeline to output directory

/compute001/lwu/projects/LLM4AE/LLM4AE-dev/results/bert_replim_VAERS/BERT/seed_123/model/model-last

