✔ Created output directory:

/compute001/lwu/projects/LLM4AE/LLM4AE-dev/results/bert_replim_VAERS/ClinicalBERT/seed_42/model

ℹ Saving to output directory:

/compute001/lwu/projects/LLM4AE/LLM4AE-dev/results/bert_replim_VAERS/ClinicalBERT/seed_42/model

ℹ Using GPU: 5



=========================== Initializing pipeline ===========================

✔ Initialized pipeline



============================= Training pipeline =============================

ℹ Pipeline: ['transformer', 'ner']

ℹ Initial learn rate: 0.0

E    #       LOSS TRANS...  LOSS NER  ENTS_F  ENTS_P  ENTS_R  SCORE 

---  ------  -------------  --------  ------  ------  ------  ------

/compute001/lwu/projects/LLM4AE/LLM4AE-dev/.venv/lib/python3.12/site-packages/thinc/util.py:401: VisibleDeprecationWarning: This function is deprecated and will be removed in a future release. Use the cupy.from_dlpack() array constructor instead.

  dlpack_tensor = xp_tensor.toDlpack()  # type: ignore

  0       0         214.71    390.90   20.09   12.29   54.87    0.20

  0     200       84074.82  72014.95   65.60   67.66   63.67    0.66

  1     400       17962.23  20530.49   77.31   81.31   73.68    0.77

  2     600       10024.09  13272.10   81.54   84.55   78.73    0.82

  3     800        8422.86  11387.96   82.84   85.77   80.10    0.83

  4    1000        7374.84   9889.10   81.71   85.17   78.52    0.82

  5    1200        6768.13   8785.31   81.55   86.56   77.09    0.82

  6    1400        5508.93   7778.65   81.34   86.56   76.71    0.81

  7    1600        5291.01   6985.27   82.55   86.13   79.26    0.83

  8    1800        5904.82   6925.19   83.12   86.85   79.70    0.83

  9    2000        6229.72   6958.53   82.65   86.70   78.96    0.83

 10    2200        4144.70   5588.75   82.54   86.53   78.89    0.83

 11    2400        4119.95   5115.31   83.37   84.84   81.95    0.83

 12    2600        4759.70   5096.40   83.20   85.69   80.86    0.83

 13    2800        6938.50   5754.88   82.93   86.69   79.49    0.83

 14    3000        3890.86   4795.39   82.65   85.58   79.91    0.83

 15    3200        3251.85   4107.94   83.27   86.09   80.63    0.83

 16    3400        4222.59   4249.22   83.28   86.27   80.49    0.83

 17    3600        3978.14   3978.40   82.01   86.61   77.87    0.82

 18    3800        2821.90   3398.39   83.55   85.69   81.51    0.84

 19    4000        7199.21   3701.32   83.10   86.07   80.33    0.83

 20    4200        2741.81   3257.07   83.48   85.93   81.16    0.83

 21    4400        2642.79   2934.60   83.48   86.02   81.09    0.83

 22    4600        3444.45   2883.10   83.03   86.02   80.24    0.83

 23    4800        2743.88   2940.57   83.06   85.58   80.68    0.83

 24    5000        2142.33   2644.20   83.44   86.76   80.38    0.83

 25    5200        4754.99   2605.36   83.20   86.66   80.00    0.83

 26    5400        2058.93   2518.39   82.85   86.77   79.26    0.83

✔ Saved pipeline to output directory

/compute001/lwu/projects/LLM4AE/LLM4AE-dev/results/bert_replim_VAERS/ClinicalBERT/seed_42/model/model-last

