✔ Created output directory:

/compute001/lwu/projects/LLM4AE/LLM4AE-dev/results/bert_replim_VAERS/BioBERT/seed_456/model

ℹ Saving to output directory:

/compute001/lwu/projects/LLM4AE/LLM4AE-dev/results/bert_replim_VAERS/BioBERT/seed_456/model

ℹ Using GPU: 2



=========================== Initializing pipeline ===========================

✔ Initialized pipeline



============================= Training pipeline =============================

ℹ Pipeline: ['transformer', 'ner']

ℹ Initial learn rate: 0.0

E    #       LOSS TRANS...  LOSS NER  ENTS_F  ENTS_P  ENTS_R  SCORE 

---  ------  -------------  --------  ------  ------  ------  ------

/compute001/lwu/projects/LLM4AE/LLM4AE-dev/.venv/lib/python3.12/site-packages/thinc/util.py:401: VisibleDeprecationWarning: This function is deprecated and will be removed in a future release. Use the cupy.from_dlpack() array constructor instead.

  dlpack_tensor = xp_tensor.toDlpack()  # type: ignore

  0       0         556.50    472.03   20.28   12.72   50.02    0.20

  0     200       41777.64  53211.84   56.10   68.82   47.35    0.56

  1     400       13701.57  16446.70   80.00   85.71   75.00    0.80

  2     600       10355.97  12054.45   81.90   85.48   78.61    0.82

  3     800        9147.52  10303.15   83.99   86.62   81.52    0.84

  4    1000        7057.49   9053.48   83.30   85.63   81.09    0.83

  5    1200        7598.12   8647.22   83.57   85.91   81.35    0.84

  6    1400        5127.38   7245.76   83.66   87.05   80.52    0.84

  7    1600        5502.18   6993.37   83.40   86.94   80.13    0.83

  8    1800        4729.61   5896.38   83.73   87.05   80.66    0.84

  9    2000        6799.20   6844.75   81.78   86.64   77.44    0.82

 10    2200        4819.01   5723.89   83.09   85.70   80.64    0.83

 11    2400        5081.11   5320.21   82.72   85.60   80.04    0.83

✔ Saved pipeline to output directory

/compute001/lwu/projects/LLM4AE/LLM4AE-dev/results/bert_replim_VAERS/BioBERT/seed_456/model/model-last

