✔ Created output directory:

/compute001/lwu/projects/LLM4AE/LLM4AE-dev/results/bert_replim_VAERS/BioBERT/seed_42/model

ℹ Saving to output directory:

/compute001/lwu/projects/LLM4AE/LLM4AE-dev/results/bert_replim_VAERS/BioBERT/seed_42/model

ℹ Using GPU: 0



=========================== Initializing pipeline ===========================

✔ Initialized pipeline



============================= Training pipeline =============================

ℹ Pipeline: ['transformer', 'ner']

ℹ Initial learn rate: 0.0

E    #       LOSS TRANS...  LOSS NER  ENTS_F  ENTS_P  ENTS_R  SCORE 

---  ------  -------------  --------  ------  ------  ------  ------

/compute001/lwu/projects/LLM4AE/LLM4AE-dev/.venv/lib/python3.12/site-packages/thinc/util.py:401: VisibleDeprecationWarning: This function is deprecated and will be removed in a future release. Use the cupy.from_dlpack() array constructor instead.

  dlpack_tensor = xp_tensor.toDlpack()  # type: ignore

  0       0         211.90    389.67   20.15   12.34   54.87    0.20

  0     200      118389.25  72100.62   60.94   74.94   51.34    0.61

  1     400       20672.44  19324.60   77.61   84.24   71.94    0.78

  2     600       12200.25  14025.04   71.75   72.77   70.76    0.72

  3     800        9972.22  11511.43   83.90   87.93   80.21    0.84

  4    1000        7529.14   9599.71   78.78   81.14   76.55    0.79

  5    1200        6574.22   8534.58   84.09   86.80   81.53    0.84

  6    1400        6756.05   8180.20   84.50   87.31   81.86    0.84

  7    1600        5253.57   6964.32   83.57   86.82   80.56    0.84

  8    1800        4516.52   6272.34   84.78   86.85   82.81    0.85

  9    2000        4306.72   5895.77   83.52   87.18   80.17    0.84

 10    2200        5675.75   5565.03   84.11   88.02   80.54    0.84

 11    2400        5255.53   5382.72   84.76   87.69   82.02    0.85

 12    2600        3744.74   4799.47   83.97   87.70   80.54    0.84

 13    2800        7756.84   4936.42   84.22   88.20   80.58    0.84

 14    3000        3096.18   4021.02   83.46   86.50   80.63    0.83

 15    3200        5061.27   5155.10   84.46   87.84   81.33    0.84

 16    3400        4755.12   4354.14   84.53   86.56   82.60    0.85

✔ Saved pipeline to output directory

/compute001/lwu/projects/LLM4AE/LLM4AE-dev/results/bert_replim_VAERS/BioBERT/seed_42/model/model-last

