✔ Created output directory:

/compute001/lwu/projects/LLM4AE/LLM4AE-dev/results/bert_replim_VAERS/ClinicalBERT/seed_456/model

ℹ Saving to output directory:

/compute001/lwu/projects/LLM4AE/LLM4AE-dev/results/bert_replim_VAERS/ClinicalBERT/seed_456/model

ℹ Using GPU: 7



=========================== Initializing pipeline ===========================

✔ Initialized pipeline



============================= Training pipeline =============================

ℹ Pipeline: ['transformer', 'ner']

ℹ Initial learn rate: 0.0

E    #       LOSS TRANS...  LOSS NER  ENTS_F  ENTS_P  ENTS_R  SCORE 

---  ------  -------------  --------  ------  ------  ------  ------

/compute001/lwu/projects/LLM4AE/LLM4AE-dev/.venv/lib/python3.12/site-packages/thinc/util.py:401: VisibleDeprecationWarning: This function is deprecated and will be removed in a future release. Use the cupy.from_dlpack() array constructor instead.

  dlpack_tensor = xp_tensor.toDlpack()  # type: ignore

  0       0         919.67    429.01   22.03   14.87   42.48    0.22

  0     200       64215.17  51565.88   66.96   70.37   63.87    0.67

  1     400       20360.48  19719.22   79.32   83.16   75.81    0.79

  2     600        9142.62  13213.15   79.00   86.68   72.56    0.79

  3     800       10666.92  12731.02   82.50   86.72   78.68    0.83

  4    1000        6669.15   9395.37   80.78   83.49   78.25    0.81

  5    1200        8260.87  10022.81   82.81   84.90   80.83    0.83

  6    1400        5104.89   7488.53   81.33   84.41   78.46    0.81

  7    1600        4782.03   7109.25   82.14   85.54   79.01    0.82

  8    1800        5204.21   6540.01   82.36   84.66   80.18    0.82

  9    2000        4268.74   5916.07   81.71   85.24   78.46    0.82

 10    2200        3861.59   5495.51   82.51   84.94   80.21    0.83

 11    2400        4240.73   5324.13   81.88   83.99   79.87    0.82

 12    2600        4633.53   5506.52   82.24   85.72   79.04    0.82

 13    2800        4169.16   4769.91   81.77   85.24   78.58    0.82

✔ Saved pipeline to output directory

/compute001/lwu/projects/LLM4AE/LLM4AE-dev/results/bert_replim_VAERS/ClinicalBERT/seed_456/model/model-last

