✔ Created output directory:

/compute001/lwu/projects/LLM4AE/LLM4AE-dev/results/bert_replim_VAERS/BERT/seed_456/model

ℹ Saving to output directory:

/compute001/lwu/projects/LLM4AE/LLM4AE-dev/results/bert_replim_VAERS/BERT/seed_456/model

ℹ Using GPU: 4



=========================== Initializing pipeline ===========================

✔ Initialized pipeline



============================= Training pipeline =============================

ℹ Pipeline: ['transformer', 'ner']

ℹ Initial learn rate: 0.0

E    #       LOSS TRANS...  LOSS NER  ENTS_F  ENTS_P  ENTS_R  SCORE 

---  ------  -------------  --------  ------  ------  ------  ------

/compute001/lwu/projects/LLM4AE/LLM4AE-dev/.venv/lib/python3.12/site-packages/thinc/util.py:401: VisibleDeprecationWarning: This function is deprecated and will be removed in a future release. Use the cupy.from_dlpack() array constructor instead.

  dlpack_tensor = xp_tensor.toDlpack()  # type: ignore

  0       0        1393.67    454.63   21.32   13.54   50.12    0.21

  0     200       42028.22  50383.43   62.42   71.77   55.23    0.62

  1     400       16592.96  17596.80   78.65   83.53   74.31    0.79

  2     600       10311.85  13378.96   82.75   85.37   80.28    0.83

  3     800        7150.85  10419.40   81.87   85.22   78.77    0.82

  4    1000        9477.10  11062.14   80.39   84.65   76.53    0.80

  5    1200        7371.40   9593.46   79.06   82.37   76.00    0.79

  6    1400        5983.80   8117.25   80.87   84.01   77.96    0.81

  7    1600        4645.84   6844.54   82.78   86.02   79.78    0.83

  8    1800        5211.66   6691.16   82.89   84.25   81.57    0.83

  9    2000        6980.07   7045.06   82.68   85.99   79.61    0.83

 10    2200        4477.04   5387.50   83.53   86.04   81.16    0.84

 11    2400        3962.04   5449.10   82.99   85.32   80.78    0.83

 12    2600        3393.66   4682.16   82.76   85.30   80.37    0.83

 13    2800        4244.66   4794.97   82.82   86.63   79.32    0.83

 14    3000        4158.38   4591.31   81.77   86.40   77.60    0.82

 15    3200        3945.54   4354.91   82.38   84.28   80.56    0.82

 16    3400        3768.94   4199.28   83.26   86.01   80.68    0.83

 17    3600        2784.29   3421.66   83.03   85.65   80.56    0.83

 18    3800        2854.33   3308.36   82.63   85.62   79.85    0.83

✔ Saved pipeline to output directory

/compute001/lwu/projects/LLM4AE/LLM4AE-dev/results/bert_replim_VAERS/BERT/seed_456/model/model-last

