✔ Created output directory:

/compute001/lwu/projects/LLM4AE/LLM4AE-dev/results/bert_replim_VAERS/Bio_ClinicalBERT/seed_789/model

ℹ Saving to output directory:

/compute001/lwu/projects/LLM4AE/LLM4AE-dev/results/bert_replim_VAERS/Bio_ClinicalBERT/seed_789/model

ℹ Using GPU: 2



=========================== Initializing pipeline ===========================

✔ Initialized pipeline



============================= Training pipeline =============================

ℹ Pipeline: ['transformer', 'ner']

ℹ Initial learn rate: 0.0

E    #       LOSS TRANS...  LOSS NER  ENTS_F  ENTS_P  ENTS_R  SCORE 

---  ------  -------------  --------  ------  ------  ------  ------

/compute001/lwu/projects/LLM4AE/LLM4AE-dev/.venv/lib/python3.12/site-packages/thinc/util.py:401: VisibleDeprecationWarning: This function is deprecated and will be removed in a future release. Use the cupy.from_dlpack() array constructor instead.

  dlpack_tensor = xp_tensor.toDlpack()  # type: ignore

  0       0         355.16    701.65   20.21   12.49   52.95    0.20

  1     200       35711.48  50665.62   59.63   74.26   49.82    0.60

  2     400       18035.29  17602.03   82.61   84.32   80.98    0.83

  3     600        8923.31  12359.40   82.91   83.85   82.00    0.83

  4     800        7077.17   9998.69   83.28   85.09   81.55    0.83

  5    1000        6304.05   8703.16   84.03   85.17   82.91    0.84

  6    1200        6621.98   7760.76   83.92   86.03   81.92    0.84

  7    1400        5219.58   6651.44   83.19   85.89   80.66    0.83

  8    1600        9175.09   8062.39   83.00   85.81   80.37    0.83

  9    1800        5681.75   6170.91   83.62   85.82   81.53    0.84

 10    2000        6187.82   5787.97   77.33   79.86   74.96    0.77

 11    2200        7219.08   5999.68   84.19   85.95   82.51    0.84

 12    2400        3777.32   4617.30   84.18   85.72   82.69    0.84

 13    2600        4415.65   4437.66   82.91   84.88   81.02    0.83

 14    2800        5262.81   4555.19   84.35   86.03   82.73    0.84

 15    3000        3346.51   3691.53   84.22   86.02   82.49    0.84

 16    3200        4797.31   3510.21   83.47   86.10   81.00    0.83

 17    3400        4352.58   3352.73   83.63   86.66   80.80    0.84

 18    3600        4394.83   3225.55   84.24   86.23   82.34    0.84

 19    3800        3580.52   2862.15   84.47   86.54   82.51    0.84

 20    4000        6151.32   2645.78   83.68   86.43   81.10    0.84

 21    4200        3576.43   2661.72   84.11   85.83   82.47    0.84

 22    4400        2198.50   2060.91   82.86   86.48   79.54    0.83

 23    4600        2648.90   2037.52   83.97   85.98   82.06    0.84

 24    4800        2022.17   1788.27   83.56   86.62   80.72    0.84

 25    5000        2123.00   1588.30   83.23   85.82   80.80    0.83

 26    5200        2373.77   1609.09   83.72   86.35   81.24    0.84

 27    5400        3417.16   1465.20   83.91   85.58   82.30    0.84

✔ Saved pipeline to output directory

/compute001/lwu/projects/LLM4AE/LLM4AE-dev/results/bert_replim_VAERS/Bio_ClinicalBERT/seed_789/model/model-last

