✔ Created output directory:

/compute001/lwu/projects/LLM4AE/LLM4AE-dev/results/bert_replim_VAERS/Bio_ClinicalBERT/seed_1011/model

ℹ Saving to output directory:

/compute001/lwu/projects/LLM4AE/LLM4AE-dev/results/bert_replim_VAERS/Bio_ClinicalBERT/seed_1011/model

ℹ Using GPU: 3



=========================== Initializing pipeline ===========================

✔ Initialized pipeline



============================= Training pipeline =============================

ℹ Pipeline: ['transformer', 'ner']

ℹ Initial learn rate: 0.0

E    #       LOSS TRANS...  LOSS NER  ENTS_F  ENTS_P  ENTS_R  SCORE 

---  ------  -------------  --------  ------  ------  ------  ------

/compute001/lwu/projects/LLM4AE/LLM4AE-dev/.venv/lib/python3.12/site-packages/thinc/util.py:401: VisibleDeprecationWarning: This function is deprecated and will be removed in a future release. Use the cupy.from_dlpack() array constructor instead.

  dlpack_tensor = xp_tensor.toDlpack()  # type: ignore

  0       0         398.09    556.49   19.28   11.86   51.46    0.19

  0     200       53141.91  51543.05   70.12   74.32   66.36    0.70

  1     400       18500.16  17482.07   82.97   84.83   81.19    0.83

  2     600        9674.22  12211.59   77.77   80.37   75.34    0.78

  3     800        9014.63  10608.85   83.21   85.13   81.38    0.83

  4    1000        8445.62   9998.51   83.56   86.30   81.00    0.84

  5    1200        7516.26   8272.16   85.21   87.23   83.28    0.85

  6    1400        6020.00   7003.81   85.19   86.98   83.47    0.85

  7    1600        6319.32   7221.91   83.53   85.66   81.50    0.84

  8    1800        4274.20   5644.68   84.07   86.95   81.38    0.84

  9    2000        6665.10   6155.31   84.29   87.76   81.09    0.84

 10    2200        5068.17   5324.15   85.22   87.18   83.35    0.85

 11    2400        4038.54   4719.80   85.23   86.81   83.71    0.85

 12    2600        4705.71   4695.97   84.87   87.23   82.63    0.85

 13    2800        4247.22   4175.30   85.16   87.28   83.13    0.85

 14    3000        3234.51   3589.45   84.97   86.84   83.18    0.85

 15    3200        4509.69   3917.44   85.30   87.13   83.54    0.85

 16    3400        4528.28   3587.49   85.16   86.38   83.97    0.85

 17    3600        3429.12   2888.46   84.86   86.63   83.16    0.85

 18    3800        3787.47   2890.58   84.63   86.07   83.23    0.85

 19    4000        2486.64   2423.38   85.03   87.46   82.73    0.85

 20    4200        2655.88   2323.05   84.85   86.56   83.21    0.85

 21    4400        3095.21   2181.23   85.10   86.64   83.61    0.85

 22    4600        2294.06   1839.24   84.63   86.38   82.94    0.85

 23    4800        2019.54   1746.65   84.91   86.86   83.04    0.85

✔ Saved pipeline to output directory

/compute001/lwu/projects/LLM4AE/LLM4AE-dev/results/bert_replim_VAERS/Bio_ClinicalBERT/seed_1011/model/model-last

