✔ Created output directory:

/compute001/lwu/projects/LLM4AE/LLM4AE-dev/results/bert_replim_VAERS/BioBERT/seed_123/model

ℹ Saving to output directory:

/compute001/lwu/projects/LLM4AE/LLM4AE-dev/results/bert_replim_VAERS/BioBERT/seed_123/model

ℹ Using GPU: 1



=========================== Initializing pipeline ===========================

✔ Initialized pipeline



============================= Training pipeline =============================

ℹ Pipeline: ['transformer', 'ner']

ℹ Initial learn rate: 0.0

E    #       LOSS TRANS...  LOSS NER  ENTS_F  ENTS_P  ENTS_R  SCORE 

---  ------  -------------  --------  ------  ------  ------  ------

/compute001/lwu/projects/LLM4AE/LLM4AE-dev/.venv/lib/python3.12/site-packages/thinc/util.py:401: VisibleDeprecationWarning: This function is deprecated and will be removed in a future release. Use the cupy.from_dlpack() array constructor instead.

  dlpack_tensor = xp_tensor.toDlpack()  # type: ignore

  0       0        2342.75    387.48   25.04   16.84   48.83    0.25

  0     200       60145.06  53043.41   65.28   72.87   59.13    0.65

  2     400       17478.80  17643.02   78.76   84.03   74.11    0.79

  3     600       11452.19  12987.68   81.36   85.86   77.31    0.81

  3     800        6869.89   9901.41   83.16   87.41   79.31    0.83

  4    1000        6566.25   8415.51   82.98   87.34   79.03    0.83

  5    1200        5340.48   7363.56   84.68   86.65   82.80    0.85

  6    1400        5909.39   7359.61   83.88   86.65   81.29    0.84

  7    1600        7730.65   6496.91   84.75   87.53   82.14    0.85

  8    1800        8789.23   7852.37   84.80   87.66   82.11    0.85

  9    2000        6085.58   6216.85   84.98   86.07   83.91    0.85

 10    2200        4745.26   5285.56   82.73   86.03   79.68    0.83

 11    2400        3746.72   4734.76   82.25   87.04   77.95    0.82

 12    2600        4568.46   4764.82   84.08   87.10   81.26    0.84

 13    2800        3566.75   3995.36   84.47   87.61   81.54    0.84

 14    3000        4369.28   4149.12   82.83   86.26   79.66    0.83

 15    3200        4742.23   4116.46   83.38   87.72   79.45    0.83

 16    3400        6158.19   4006.88   84.63   87.31   82.11    0.85

 17    3600        5105.35   3746.71   83.85   87.26   80.69    0.84

✔ Saved pipeline to output directory

/compute001/lwu/projects/LLM4AE/LLM4AE-dev/results/bert_replim_VAERS/BioBERT/seed_123/model/model-last

