✔ Created output directory:

/compute001/lwu/projects/LLM4AE/LLM4AE-dev/results/bert_replim_VAERS/ClinicalBERT/seed_123/model

ℹ Saving to output directory:

/compute001/lwu/projects/LLM4AE/LLM4AE-dev/results/bert_replim_VAERS/ClinicalBERT/seed_123/model

ℹ Using GPU: 6



=========================== Initializing pipeline ===========================

✔ Initialized pipeline



============================= Training pipeline =============================

ℹ Pipeline: ['transformer', 'ner']

ℹ Initial learn rate: 0.0

E    #       LOSS TRANS...  LOSS NER  ENTS_F  ENTS_P  ENTS_R  SCORE 

---  ------  -------------  --------  ------  ------  ------  ------

/compute001/lwu/projects/LLM4AE/LLM4AE-dev/.venv/lib/python3.12/site-packages/thinc/util.py:401: VisibleDeprecationWarning: This function is deprecated and will be removed in a future release. Use the cupy.from_dlpack() array constructor instead.

  dlpack_tensor = xp_tensor.toDlpack()  # type: ignore

  0       0         696.75    433.96   27.59   19.29   48.44    0.28

  0     200       43166.71  49198.77   66.52   71.90   61.89    0.67

  1     400       15720.71  17041.12   78.47   84.29   73.40    0.78

  2     600        8482.98  12699.12   81.36   85.06   77.98    0.81

  3     800        7664.51  10302.11   83.62   84.50   82.76    0.84

  4    1000        7050.54   9521.70   81.16   86.13   76.74    0.81

  5    1200        7153.32   8763.60   81.76   84.87   78.87    0.82

  6    1400        6621.96   7859.60   82.47   84.48   80.55    0.82

  7    1600        7232.18   7451.72   81.44   85.42   77.82    0.81

  8    1800        6257.91   6679.15   83.16   86.29   80.25    0.83

  9    2000        4443.40   5956.81   81.12   84.57   77.93    0.81

 10    2200        5707.52   5773.46   83.77   86.47   81.24    0.84

 11    2400        4925.59   5477.09   82.06   86.68   77.91    0.82

 12    2600        5261.96   5349.26   80.70   83.40   78.16    0.81

 13    2800        6747.17   5320.26   83.94   85.59   82.34    0.84

 14    3000        3209.97   4095.96   83.66   86.27   81.20    0.84

 15    3200        3681.54   3866.90   82.97   86.15   80.02    0.83

 16    3400        3258.46   3721.68   83.02   85.93   80.30    0.83

 17    3600        4329.22   3959.86   82.56   85.73   79.61    0.83

 18    3800        5619.68   4251.99   83.72   86.87   80.78    0.84

 19    4000        5730.46   3694.48   81.60   84.32   79.06    0.82

 20    4200        3743.57   3260.78   82.84   86.61   79.38    0.83

 21    4400        2980.81   2926.22   83.79   86.35   81.38    0.84

✔ Saved pipeline to output directory

/compute001/lwu/projects/LLM4AE/LLM4AE-dev/results/bert_replim_VAERS/ClinicalBERT/seed_123/model/model-last

